{"ts": "2026-08-04 08:56:51", "event": "transition", "details": {"was_connected": false, "now_connected": true, "previous_session": "", "current_session": "", "errors": []}}
{"ts": "2026-08-04 08:58:52", "event": "transition", "details": {"was_connected": true, "now_connected": true, "previous_session": "", "current_session": "|PRACTICE1", "errors": []}}
{"ts": "2026-08-04 09:30:23", "event": "transition", "details": {"was_connected": false, "now_connected": true, "previous_session": "", "current_session": "|PRACTICE1", "errors": []}}
{"ts": "2026-08-04 09:52:01", "event": "transition", "details": {"was_connected": false, "now_connected": true, "previous_session": "", "current_session": "|PRACTICE1", "errors": []}}
{"ts": "2026-08-04 09:53:06", "event": "transition", "details": {"was_connected": false, "now_connected": true, "previous_session": "", "current_session": "|PRACTICE1", "errors": []}}
{"ts": "2026-08-04 09:53:35", "event": "transition", "details": {"was_connected": false, "now_connected": true, "previous_session": "", "current_session": "|PRACTICE1", "errors": []}}
{"ts": "2026-08-04 09:54:20", "event": "transition", "details": {"was_connected": false, "now_connected": true, "previous_session": "", "current_session": "|PRACTICE1", "errors": []}}
{"ts": "2026-08-04 09:54:28", "event": "transition", "details": {"was_connected": false, "now_connected": true, "previous_session": "", "current_session": "|PRACTICE1", "errors": []}}
{"ts": "2026-08-04 09:54:40", "event": "transition", "details": {"was_connected": false, "now_connected": true, "previous_session": "", "current_session": "|PRACTICE1", "errors": []}}
{"ts": "2026-08-04 09:55:38", "event": "transition", "details": {"was_connected": false, "now_connected": true, "previous_session": "", "current_session": "|PRACTICE1", "errors": []}}
{"ts": "2026-08-04 09:58:47", "event": "transition", "details": {"was_connected": false, "now_connected": true, "previous_session": "", "current_session": "", "errors": []}}
{"ts": "2026-08-04 09:59:35", "event": "transition", "details": {"was_connected": true, "now_connected": false, "previous_session": "", "current_session": "", "errors": ["/rest/profile/: <urlopen error timed out>", "/rest/profile/profileInfo/getProfileInfo: <urlopen error timed out>", "/rest/multiplayer/teams: <urlopen error timed out>"]}}
{"ts": "2026-08-04 10:00:03", "event": "transition", "details": {"was_connected": false, "now_connected": true, "previous_session": "", "current_session": "", "errors": []}}
{"ts": "2026-08-04 10:08:24", "event": "transition", "details": {"was_connected": false, "now_connected": true, "previous_session": "", "current_session": "|PRACTICE1", "errors": []}}
{"ts": "2026-08-04 10:20:09", "event": "transition", "details": {"was_connected": false, "now_connected": true, "previous_session": "", "current_session": "|PRACTICE1", "errors": []}}
{"ts": "2026-08-04 10:22:35", "event": "transition", "details": {"was_connected": false, "now_connected": true, "previous_session": "", "current_session": "|PRACTICE1", "errors": []}}
{"ts": "2026-08-04 10:23:43", "event": "transition", "details": {"was_connected": false, "now_connected": true, "previous_session": "", "current_session": "|PRACTICE1", "errors": []}}
{"ts": "2026-08-04 10:47:14", "event": "transition", "details": {"was_connected": false, "now_connected": true, "previous_session": "", "current_session": "|PRACTICE1", "errors": []}}
{"ts": "2026-08-04 10:54:19", "event": "transition", "details": {"was_connected": false, "now_connected": true, "previous_session": "", "current_session": "", "errors": []}}
{"ts": "2026-08-04 10:55:22", "event": "transition", "details": {"was_connected": true, "now_connected": false, "previous_session": "", "current_session": "", "errors": ["/rest/profile/: <urlopen error timed out>", "/rest/profile/profileInfo/getProfileInfo: <urlopen error timed out>", "/rest/multiplayer/teams: <urlopen error timed out>"]}}
{"ts": "2026-08-04 10:55:34", "event": "transition", "details": {"was_connected": false, "now_connected": true, "previous_session": "", "current_session": "", "errors": []}}
{"ts": "2026-08-04 10:57:38", "event": "transition", "details": {"was_connected": true, "now_connected": false, "previous_session": "", "current_session": "", "errors": ["/rest/profile/: <urlopen error timed out>", "/rest/profile/profileInfo/getProfileInfo: <urlopen error timed out>", "/rest/multiplayer/teams: <urlopen error timed out>"]}}
{"ts": "2026-08-04 10:59:57", "event": "transition", "details": {"was_connected": false, "now_connected": true, "previous_session": "", "current_session": "", "errors": []}}
{"ts": "2026-08-04 10:59:57", "event": "transition", "details": {"was_connected": false, "now_connected": true, "previous_session": "", "current_session": "", "errors": []}}
{"ts": "2026-08-04 11:00:46", "event": "transition", "details": {"was_connected": true, "now_connected": false, "previous_session": "", "current_session": "", "errors": ["/rest/profile/: <urlopen error timed out>", "/rest/profile/profileInfo/getProfileInfo: <urlopen error timed out>", "/rest/multiplayer/teams: <urlopen error timed out>"]}}
{"ts": "2026-08-04 11:00:46", "event": "transition", "details": {"was_connected": true, "now_connected": false, "previous_session": "", "current_session": "", "errors": ["/rest/profile/: <urlopen error timed out>", "/rest/profile/profileInfo/getProfileInfo: <urlopen error timed out>", "/rest/multiplayer/teams: <urlopen error timed out>"]}}
{"ts": "2026-08-04 11:02:07", "event": "transition", "details": {"was_connected": false, "now_connected": true, "previous_session": "", "current_session": "", "errors": []}}
{"ts": "2026-08-04 11:46:09", "event": "transition", "details": {"was_connected": false, "now_connected": true, "previous_session": "", "current_session": "", "errors": []}}
{"ts": "2026-08-04 11:48:56", "event": "transition", "details": {"was_connected": true, "now_connected": true, "previous_session": "", "current_session": "|PRACTICE1", "errors": []}}
{"ts": "2026-08-04 12:29:28", "event": "transition", "details": {"was_connected": false, "now_connected": true, "previous_session": "", "current_session": "|PRACTICE1", "errors": []}}
{"ts": "2026-08-04 12:36:05", "event": "transition", "details": {"was_connected": true, "now_connected": false, "previous_session": "|PRACTICE1", "current_session": "", "errors": ["/rest/profile/: <urlopen error timed out>", "/rest/profile/profileInfo/getProfileInfo: <urlopen error timed out>", "/rest/multiplayer/teams: <urlopen error timed out>"]}}
{"ts": "2026-08-04 12:38:19", "event": "transition", "details": {"was_connected": false, "now_connected": true, "previous_session": "|PRACTICE1", "current_session": "", "errors": []}}
{"ts": "2026-08-04 12:52:59", "event": "transition", "details": {"was_connected": true, "now_connected": false, "previous_session": "|PRACTICE1", "current_session": "", "errors": ["/rest/profile/: <urlopen error timed out>", "/rest/profile/profileInfo/getProfileInfo: <urlopen error timed out>", "/rest/multiplayer/teams: <urlopen error timed out>"]}}
{"ts": "2026-08-04 12:53:27", "event": "transition", "details": {"was_connected": false, "now_connected": true, "previous_session": "|PRACTICE1", "current_session": "", "errors": []}}
{"ts": "2026-08-04 12:54:30", "event": "transition", "details": {"was_connected": true, "now_connected": false, "previous_session": "|PRACTICE1", "current_session": "", "errors": ["/rest/profile/: <urlopen error timed out>", "/rest/profile/profileInfo/getProfileInfo: <urlopen error timed out>", "/rest/multiplayer/teams: <urlopen error timed out>"]}}
{"ts": "2026-08-04 13:01:54", "event": "transition", "details": {"was_connected": false, "now_connected": true, "previous_session": "", "current_session": "|PRACTICE1", "errors": []}}
{"ts": "2026-08-04 13:03:56", "event": "transition", "details": {"was_connected": true, "now_connected": true, "previous_session": "|PRACTICE1", "current_session": "|QUALIFY1", "errors": []}}
{"ts": "2026-08-04 13:04:12", "event": "transition", "details": {"was_connected": false, "now_connected": true, "previous_session": "", "current_session": "|QUALIFY1", "errors": []}}
